Traceback (most recent call last):
  File "/home/runner/work/blackjax/blackjax/.venv/lib/python3.13/site-packages/jupyter_cache/executors/utils.py", line 58, in single_nb_execution
    executenb(
    ~~~~~~~~~^
        nb,
        ^^^
    ...<4 lines>...
        **kwargs,
        ^^^^^^^^^
    )
    ^
  File "/home/runner/work/blackjax/blackjax/.venv/lib/python3.13/site-packages/nbclient/client.py", line 1323, in execute
    return NotebookClient(nb=nb, resources=resources, km=km, **kwargs).execute()
           ~~~~~~~~~~~~~~~~~~~~~~~~~~~~~~~~~~~~~~~~~~~~~~~~~~~~~~~~~~~~~~~~~~~^^
  File "/home/runner/work/blackjax/blackjax/.venv/lib/python3.13/site-packages/jupyter_core/utils/__init__.py", line 165, in wrapped
    return loop.run_until_complete(inner)
           ~~~~~~~~~~~~~~~~~~~~~~~^^^^^^^
  File "/home/runner/.local/share/uv/python/cpython-3.13.16-linux-x86_64-gnu/lib/python3.13/asyncio/base_events.py", line 726, in run_until_complete
    return future.result()
           ~~~~~~~~~~~~~^^
  File "/home/runner/work/blackjax/blackjax/.venv/lib/python3.13/site-packages/nbclient/client.py", line 709, in async_execute
    await self.async_execute_cell(
        cell, index, execution_count=self.code_cells_executed + 1
    )
  File "/home/runner/work/blackjax/blackjax/.venv/lib/python3.13/site-packages/nbclient/client.py", line 1062, in async_execute_cell
    await self._check_raise_for_error(cell, cell_index, exec_reply)
  File "/home/runner/work/blackjax/blackjax/.venv/lib/python3.13/site-packages/nbclient/client.py", line 918, in _check_raise_for_error
    raise CellExecutionError.from_cell_and_msg(cell, exec_reply_content)
nbclient.exceptions.CellExecutionError: An error occurred while executing the following cell:
------------------
import numpy as np
import arviz as az

posterior = {
    "alpha": np.exp(states.position["log_a"]),
    "beta":  np.exp(states.position["log_b"]),
}
idata = az.from_dict(posterior={k: v[None, ...] for k, v in posterior.items()})
az.plot_trace(idata);
------------------


[31m---------------------------------------------------------------------------[39m
[31mTypeError[39m                                 Traceback (most recent call last)
[36mCell[39m[36m [39m[32mIn[8][39m[32m, line 8[39m
[32m      4[39m posterior = {
[32m      5[39m     [33m"alpha"[39m: np.exp(states.position[[33m"log_a"[39m]),
[32m      6[39m     [33m"beta"[39m:  np.exp(states.position[[33m"log_b"[39m]),
[32m      7[39m }
[32m----> [39m[32m8[39m idata = az.from_dict(posterior={k: v[[38;5;28;01mNone[39;00m, ...] [38;5;28;01mfor[39;00m k, v [38;5;28;01min[39;00m posterior.items()})
[32m      9[39m az.plot_trace(idata);

[31mTypeError[39m: from_dict() got an unexpected keyword argument 'posterior'

