Traceback (most recent call last):
  File "/home/runner/work/blackjax/blackjax/.venv/lib/python3.13/site-packages/jupyter_cache/executors/utils.py", line 58, in single_nb_execution
    executenb(
    ~~~~~~~~~^
        nb,
        ^^^
    ...<4 lines>...
        **kwargs,
        ^^^^^^^^^
    )
    ^
  File "/home/runner/work/blackjax/blackjax/.venv/lib/python3.13/site-packages/nbclient/client.py", line 1323, in execute
    return NotebookClient(nb=nb, resources=resources, km=km, **kwargs).execute()
           ~~~~~~~~~~~~~~~~~~~~~~~~~~~~~~~~~~~~~~~~~~~~~~~~~~~~~~~~~~~~~~~~~~~^^
  File "/home/runner/work/blackjax/blackjax/.venv/lib/python3.13/site-packages/jupyter_core/utils/__init__.py", line 165, in wrapped
    return loop.run_until_complete(inner)
           ~~~~~~~~~~~~~~~~~~~~~~~^^^^^^^
  File "/home/runner/.local/share/uv/python/cpython-3.13.16-linux-x86_64-gnu/lib/python3.13/asyncio/base_events.py", line 726, in run_until_complete
    return future.result()
           ~~~~~~~~~~~~~^^
  File "/home/runner/work/blackjax/blackjax/.venv/lib/python3.13/site-packages/nbclient/client.py", line 709, in async_execute
    await self.async_execute_cell(
        cell, index, execution_count=self.code_cells_executed + 1
    )
  File "/home/runner/work/blackjax/blackjax/.venv/lib/python3.13/site-packages/nbclient/client.py", line 1062, in async_execute_cell
    await self._check_raise_for_error(cell, cell_index, exec_reply)
  File "/home/runner/work/blackjax/blackjax/.venv/lib/python3.13/site-packages/nbclient/client.py", line 918, in _check_raise_for_error
    raise CellExecutionError.from_cell_and_msg(cell, exec_reply_content)
nbclient.exceptions.CellExecutionError: An error occurred while executing the following cell:
------------------
from datetime import date

import jax
import jax.numpy as jnp
import jax.scipy.stats as stats
import matplotlib.pyplot as plt
import numpy as np

import blackjax
from blackjax.mcmc.laplace_marginal import laplace_marginal_factory
from blackjax.util import run_inference_algorithm

rng_key = jax.random.key(int(date.today().strftime("%Y%m%d")))
------------------


[31m---------------------------------------------------------------------------[39m
[31mModuleNotFoundError[39m                       Traceback (most recent call last)
[36mCell[39m[36m [39m[32mIn[1][39m[32m, line 6[39m
[32m      2[39m 
[32m      3[39m [38;5;28;01mimport[39;00m jax
[32m      4[39m [38;5;28;01mimport[39;00m jax.numpy [38;5;28;01mas[39;00m jnp
[32m      5[39m [38;5;28;01mimport[39;00m jax.scipy.stats [38;5;28;01mas[39;00m stats
[32m----> [39m[32m6[39m [38;5;28;01mimport[39;00m matplotlib.pyplot [38;5;28;01mas[39;00m plt
[32m      7[39m [38;5;28;01mimport[39;00m numpy [38;5;28;01mas[39;00m np
[32m      8[39m 
[32m      9[39m [38;5;28;01mimport[39;00m blackjax

[31mModuleNotFoundError[39m: No module named 'matplotlib'

